============================= test session starts =============================
platform win32 -- Python 3.12.7, pytest-9.0.1, pluggy-1.6.0 -- C:\Users\eugen\Documents\Github\Godot-Assistant\backend\venv\Scripts\python.exe
cachedir: .pytest_cache
rootdir: C:\Users\eugen\Documents\Github\Godot-Assistant\backend
plugins: anyio-4.11.0, asyncio-1.3.0
asyncio: mode=Mode.STRICT, debug=False, asyncio_default_fixture_loop_scope=None, asyncio_default_test_loop_scope=function
collecting ... collected 43 items / 2 errors

=================================== ERRORS ====================================
________________ ERROR collecting tests/test_metrics_basic.py _________________
ImportError while importing test module 'C:\Users\eugen\Documents\Github\Godot-Assistant\backend\tests\test_metrics_basic.py'.
Hint: make sure your test modules/packages have valid Python names.
Traceback:
..\..\..\..\AppData\Local\Programs\Python\Python312\Lib\importlib\__init__.py:90: in import_module
    return _bootstrap._gcd_import(name[level:], package, level)
           ^^^^^^^^^^^^^^^^^^^^^^^^^^^^^^^^^^^^^^^^^^^^^^^^^^^^
tests\test_metrics_basic.py:9: in <module>
    from database.models import Base, MessageMetrics, SessionMetrics, ProjectMetrics
database\__init__.py:8: in <module>
    from .models import MessageMetrics, SessionMetrics, ProjectMetrics
database\models.py:9: in <module>
    from sqlalchemy import Column, Integer, String, Float, DateTime, Text, ForeignKey
E   ModuleNotFoundError: No module named 'sqlalchemy'
_____________ ERROR collecting tests/test_metrics_integration.py ______________
ImportError while importing test module 'C:\Users\eugen\Documents\Github\Godot-Assistant\backend\tests\test_metrics_integration.py'.
Hint: make sure your test modules/packages have valid Python names.
Traceback:
..\..\..\..\AppData\Local\Programs\Python\Python312\Lib\importlib\__init__.py:90: in import_module
    return _bootstrap._gcd_import(name[level:], package, level)
           ^^^^^^^^^^^^^^^^^^^^^^^^^^^^^^^^^^^^^^^^^^^^^^^^^^^^
tests\test_metrics_integration.py:12: in <module>
    from database import get_db_manager
database\__init__.py:8: in <module>
    from .models import MessageMetrics, SessionMetrics, ProjectMetrics
database\models.py:9: in <module>
    from sqlalchemy import Column, Integer, String, Float, DateTime, Text, ForeignKey
E   ModuleNotFoundError: No module named 'sqlalchemy'
============================== warnings summary ===============================
venv\Lib\site-packages\strands\experimental\hooks\__init__.py:3
  C:\Users\eugen\Documents\Github\Godot-Assistant\backend\venv\Lib\site-packages\strands\experimental\hooks\__init__.py:3: DeprecationWarning: These events have been moved to production with updated names. Use BeforeModelCallEvent, AfterModelCallEvent, BeforeToolCallEvent, and AfterToolCallEvent from strands.hooks instead.
    from .events import (

venv\Lib\site-packages\starlette\formparsers.py:12
  C:\Users\eugen\Documents\Github\Godot-Assistant\backend\venv\Lib\site-packages\starlette\formparsers.py:12: PendingDeprecationWarning: Please use `import python_multipart` instead.
    import multipart

-- Docs: https://docs.pytest.org/en/stable/how-to/capture-warnings.html
=========================== short test summary info ===========================
ERROR tests/test_metrics_basic.py
ERROR tests/test_metrics_integration.py
!!!!!!!!!!!!!!!!!!! Interrupted: 2 errors during collection !!!!!!!!!!!!!!!!!!!
======================== 2 warnings, 2 errors in 1.39s ========================
